FILE_TYPE=LIBRARY_PARTS;
PRIMITIVE '50SEV330M12.5X13.5','50SEV330M12.5X13.5_Capacitor Al Electrolytic';
  PIN
    '+':
      PIN_NUMBER='(1)';
      NO_LOAD_CHECK=BOTH;
      NO_IO_CHECK=BOTH;
      ALLOW_CONNECT=TRUE;
      PINUSE='UNSPEC';
    '-':
      PIN_NUMBER='(2)';
      NO_LOAD_CHECK=BOTH;
      NO_IO_CHECK=BOTH;
      ALLOW_CONNECT=TRUE;
      PINUSE='UNSPEC';
  END_PIN;
  BODY
    PART_NAME='50SEV330M12.5X13.5';
    PHYS_DES_PREFIX='C';
    NO_LOAD_CHECK='TRUE';
    PIN_COUNT='2';
    BODY_NAME='50SEV330M12.5X13.5';
    JEDEC_TYPE='CAPAE1275X1400N';
  END_BODY;
END_PRIMITIVE;
END.
